{
    "version": {
        "content": null,
        "meta": {
            "nf-test": "0.8.4",
            "nextflow": "23.10.1"
        },
        "timestamp": "2024-03-10T23:41:45.979442"
    }
}